{
  "Messages": [
    {
      "Text": "\tNo reference to 'Tests' found. References not modified.",
      "MessageImportance": "Normal"
    }
  ],
  "Warnings": [],
  "Errors": [],
  "Assembly": {
    "Data": "DummyAssembly, Version=1.0.0.0, Culture=neutral, PublicKeyToken=null",
    "UnityType": 6,
    "AssemblyName": "DummyAssembly, Version=1.0.0.0, Culture=neutral, PublicKeyToken=null"
  },
  "AssemblyPath": "\fodytemp\DummyAssembly.dll"
}