[
  "\\Solution\\Packages\\Weaver.Fody.7.0.0\\netclassicweaver\\Weaver.Fody.dll",
  "\\Solution\\Packages\\Weaver.Fody.8.0.0\\Weaver.Fody.dll",
  "\\FromNugetConfig\\Weaver.Fody.1.0.0\\Weaver.Fody.dll",
  "\\FromNugetConfig\\Weaver.Fody.2.0.0\\netclassicweaver\\Weaver.Fody.dll",
  "\\MsBuildDirectory\\Weaver.Fody.3.0.0\\Weaver.Fody.dll",
  "\\MsBuildDirectory\\Weaver.Fody.4.0.0\\netclassicweaver\\Weaver.Fody.dll",
  "\\Solution\\Tools\\Weaver.Fody.dll",
  "\\Solution\\Tools\\Weaver.Fody.10.0.0\\netclassicweaver\\Weaver.Fody.dll",
  "\\Solution\\Tools\\Weaver.Fody.9.0.0\\Weaver.Fody.dll",
  "\\NuGetPackageRoot\\Weaver.Fody.5.0.0\\Weaver.Fody.dll",
  "\\NuGetPackageRoot\\Weaver.Fody.6.0.0\\netclassicweaver\\Weaver.Fody.dll"
]